// Jest Snapshot v1, https://goo.gl/fbAQLP

exports[`App renders correctly 1`] = `
<DocumentFragment>
  <div
    class="app"
  >
    <img
      alt="nasaLogo"
      class="nasa-logo"
      src="https://cdn.cnn.com/cnnnext/dam/assets/200424060716-nasa-worm-logo.jpg"
    />
    <div
      class="search"
    >
      <form
        class="search-form"
      >
        <input
          class="search-input"
          type="text"
        />
        <button
          class="search-btn"
          type="submit"
        >
          ðŸš€
        </button>
      </form>
    </div>
    <p
      class="search-results-title"
    >
       Search Results
    </p>
    <div
      class="search-results"
    >
      <img
        alt="space-image"
        class="card-image"
        src="https://images.unsplash.com/photo-1522030299830-16b8d3d049fe?ixlib=rb-1.2.1&ixid=eyJhcHBfaWQiOjEyMDd9&w=1000&q=80"
      />
    </div>
  </div>
</DocumentFragment>
`;
